22:25:19 **** Build of project audio_bsp ****
make -k all 
"Running Make include in ps7_cortexa9_0/libsrc/coresightps_dcc_v1_4/src"
make -C ps7_cortexa9_0/libsrc/coresightps_dcc_v1_4/src -s include  "SHELL=CMD" "COMPILER=arm-none-eabi-gcc" "ARCHIVER=arm-none-eabi-ar" "COMPILER_FLAGS=  -O2 -c" "EXTRA_COMPILER_FLAGS=-mcpu=cortex-a9 -mfpu=vfpv3 -mfloat-abi=hard -nostartfiles -g -Wall -Wextra"
"Running Make include in ps7_cortexa9_0/libsrc/cpu_cortexa9_v2_6/src"
make -C ps7_cortexa9_0/libsrc/cpu_cortexa9_v2_6/src -s include  "SHELL=CMD" "COMPILER=arm-none-eabi-gcc" "ARCHIVER=arm-none-eabi-ar" "COMPILER_FLAGS=  -O2 -c" "EXTRA_COMPILER_FLAGS=-mcpu=cortex-a9 -mfpu=vfpv3 -mfloat-abi=hard -nostartfiles -g -Wall -Wextra"
"Running Make include in ps7_cortexa9_0/libsrc/ddrps_v1_0/src"
make -C ps7_cortexa9_0/libsrc/ddrps_v1_0/src -s include  "SHELL=CMD" "COMPILER=arm-none-eabi-gcc" "ARCHIVER=arm-none-eabi-ar" "COMPILER_FLAGS=  -O2 -c" "EXTRA_COMPILER_FLAGS=-mcpu=cortex-a9 -mfpu=vfpv3 -mfloat-abi=hard -nostartfiles -g -Wall -Wextra"
"Running Make include in ps7_cortexa9_0/libsrc/devcfg_v3_5/src"
make -C ps7_cortexa9_0/libsrc/devcfg_v3_5/src -s include  "SHELL=CMD" "COMPILER=arm-none-eabi-gcc" "ARCHIVER=arm-none-eabi-ar" "COMPILER_FLAGS=  -O2 -c" "EXTRA_COMPILER_FLAGS=-mcpu=cortex-a9 -mfpu=vfpv3 -mfloat-abi=hard -nostartfiles -g -Wall -Wextra"
"Running Make include in ps7_cortexa9_0/libsrc/dmaps_v2_3/src"
make -C ps7_cortexa9_0/libsrc/dmaps_v2_3/src -s include  "SHELL=CMD" "COMPILER=arm-none-eabi-gcc" "ARCHIVER=arm-none-eabi-ar" "COMPILER_FLAGS=  -O2 -c" "EXTRA_COMPILER_FLAGS=-mcpu=cortex-a9 -mfpu=vfpv3 -mfloat-abi=hard -nostartfiles -g -Wall -Wextra"
"Running Make include in ps7_cortexa9_0/libsrc/emacps_v3_7/src"
make -C ps7_cortexa9_0/libsrc/emacps_v3_7/src -s include  "SHELL=CMD" "COMPILER=arm-none-eabi-gcc" "ARCHIVER=arm-none-eabi-ar" "COMPILER_FLAGS=  -O2 -c" "EXTRA_COMPILER_FLAGS=-mcpu=cortex-a9 -mfpu=vfpv3 -mfloat-abi=hard -nostartfiles -g -Wall -Wextra"
"Running Make include in ps7_cortexa9_0/libsrc/gpiops_v3_3/src"
make -C ps7_cortexa9_0/libsrc/gpiops_v3_3/src -s include  "SHELL=CMD" "COMPILER=arm-none-eabi-gcc" "ARCHIVER=arm-none-eabi-ar" "COMPILER_FLAGS=  -O2 -c" "EXTRA_COMPILER_FLAGS=-mcpu=cortex-a9 -mfpu=vfpv3 -mfloat-abi=hard -nostartfiles -g -Wall -Wextra"
"Running Make include in ps7_cortexa9_0/libsrc/iicps_v3_7/src"
make -C ps7_cortexa9_0/libsrc/iicps_v3_7/src -s include  "SHELL=CMD" "COMPILER=arm-none-eabi-gcc" "ARCHIVER=arm-none-eabi-ar" "COMPILER_FLAGS=  -O2 -c" "EXTRA_COMPILER_FLAGS=-mcpu=cortex-a9 -mfpu=vfpv3 -mfloat-abi=hard -nostartfiles -g -Wall -Wextra"
"Running Make include in ps7_cortexa9_0/libsrc/oled_v1_0/src"
make -C ps7_cortexa9_0/libsrc/oled_v1_0/src -s include  "SHELL=CMD" "COMPILER=arm-none-eabi-gcc" "ARCHIVER=arm-none-eabi-ar" "COMPILER_FLAGS=  -O2 -c" "EXTRA_COMPILER_FLAGS=-mcpu=cortex-a9 -mfpu=vfpv3 -mfloat-abi=hard -nostartfiles -g -Wall -Wextra"
"Running Make include in ps7_cortexa9_0/libsrc/PL_to_PS_v1_0/src"
make -C ps7_cortexa9_0/libsrc/PL_to_PS_v1_0/src -s include  "SHELL=CMD" "COMPILER=arm-none-eabi-gcc" "ARCHIVER=arm-none-eabi-ar" "COMPILER_FLAGS=  -O2 -c" "EXTRA_COMPILER_FLAGS=-mcpu=cortex-a9 -mfpu=vfpv3 -mfloat-abi=hard -nostartfiles -g -Wall -Wextra"
"Running Make include in ps7_cortexa9_0/libsrc/PS_to_PL_v1_0/src"
make -C ps7_cortexa9_0/libsrc/PS_to_PL_v1_0/src -s include  "SHELL=CMD" "COMPILER=arm-none-eabi-gcc" "ARCHIVER=arm-none-eabi-ar" "COMPILER_FLAGS=  -O2 -c" "EXTRA_COMPILER_FLAGS=-mcpu=cortex-a9 -mfpu=vfpv3 -mfloat-abi=hard -nostartfiles -g -Wall -Wextra"
"Running Make include in ps7_cortexa9_0/libsrc/qspips_v3_4/src"
make -C ps7_cortexa9_0/libsrc/qspips_v3_4/src -s include  "SHELL=CMD" "COMPILER=arm-none-eabi-gcc" "ARCHIVER=arm-none-eabi-ar" "COMPILER_FLAGS=  -O2 -c" "EXTRA_COMPILER_FLAGS=-mcpu=cortex-a9 -mfpu=vfpv3 -mfloat-abi=hard -nostartfiles -g -Wall -Wextra"
"Running Make include in ps7_cortexa9_0/libsrc/scugic_v3_9/src"
make -C ps7_cortexa9_0/libsrc/scugic_v3_9/src -s include  "SHELL=CMD" "COMPILER=arm-none-eabi-gcc" "ARCHIVER=arm-none-eabi-ar" "COMPILER_FLAGS=  -O2 -c" "EXTRA_COMPILER_FLAGS=-mcpu=cortex-a9 -mfpu=vfpv3 -mfloat-abi=hard -nostartfiles -g -Wall -Wextra"
"Running Make include in ps7_cortexa9_0/libsrc/scutimer_v2_1/src"
make -C ps7_cortexa9_0/libsrc/scutimer_v2_1/src -s include  "SHELL=CMD" "COMPILER=arm-none-eabi-gcc" "ARCHIVER=arm-none-eabi-ar" "COMPILER_FLAGS=  -O2 -c" "EXTRA_COMPILER_FLAGS=-mcpu=cortex-a9 -mfpu=vfpv3 -mfloat-abi=hard -nostartfiles -g -Wall -Wextra"
"Running Make include in ps7_cortexa9_0/libsrc/scuwdt_v2_1/src"
make -C ps7_cortexa9_0/libsrc/scuwdt_v2_1/src -s include  "SHELL=CMD" "COMPILER=arm-none-eabi-gcc" "ARCHIVER=arm-none-eabi-ar" "COMPILER_FLAGS=  -O2 -c" "EXTRA_COMPILER_FLAGS=-mcpu=cortex-a9 -mfpu=vfpv3 -mfloat-abi=hard -nostartfiles -g -Wall -Wextra"
"Running Make include in ps7_cortexa9_0/libsrc/sdps_v3_5/src"
make -C ps7_cortexa9_0/libsrc/sdps_v3_5/src -s include  "SHELL=CMD" "COMPILER=arm-none-eabi-gcc" "ARCHIVER=arm-none-eabi-ar" "COMPILER_FLAGS=  -O2 -c" "EXTRA_COMPILER_FLAGS=-mcpu=cortex-a9 -mfpu=vfpv3 -mfloat-abi=hard -nostartfiles -g -Wall -Wextra"
"Running Make include in ps7_cortexa9_0/libsrc/standalone_v6_7/src"
make -C ps7_cortexa9_0/libsrc/standalone_v6_7/src -s include  "SHELL=CMD" "COMPILER=arm-none-eabi-gcc" "ARCHIVER=arm-none-eabi-ar" "COMPILER_FLAGS=  -O2 -c" "EXTRA_COMPILER_FLAGS=-mcpu=cortex-a9 -mfpu=vfpv3 -mfloat-abi=hard -nostartfiles -g -Wall -Wextra"
"Running Make include in ps7_cortexa9_0/libsrc/ttcps_v3_6/src"
make -C ps7_cortexa9_0/libsrc/ttcps_v3_6/src -s include  "SHELL=CMD" "COMPILER=arm-none-eabi-gcc" "ARCHIVER=arm-none-eabi-ar" "COMPILER_FLAGS=  -O2 -c" "EXTRA_COMPILER_FLAGS=-mcpu=cortex-a9 -mfpu=vfpv3 -mfloat-abi=hard -nostartfiles -g -Wall -Wextra"
"Running Make include in ps7_cortexa9_0/libsrc/uartps_v3_6/src"
make -C ps7_cortexa9_0/libsrc/uartps_v3_6/src -s include  "SHELL=CMD" "COMPILER=arm-none-eabi-gcc" "ARCHIVER=arm-none-eabi-ar" "COMPILER_FLAGS=  -O2 -c" "EXTRA_COMPILER_FLAGS=-mcpu=cortex-a9 -mfpu=vfpv3 -mfloat-abi=hard -nostartfiles -g -Wall -Wextra"
"Running Make include in ps7_cortexa9_0/libsrc/usbps_v2_4/src"
make -C ps7_cortexa9_0/libsrc/usbps_v2_4/src -s include  "SHELL=CMD" "COMPILER=arm-none-eabi-gcc" "ARCHIVER=arm-none-eabi-ar" "COMPILER_FLAGS=  -O2 -c" "EXTRA_COMPILER_FLAGS=-mcpu=cortex-a9 -mfpu=vfpv3 -mfloat-abi=hard -nostartfiles -g -Wall -Wextra"
"Running Make include in ps7_cortexa9_0/libsrc/xadcps_v2_2/src"
make -C ps7_cortexa9_0/libsrc/xadcps_v2_2/src -s include  "SHELL=CMD" "COMPILER=arm-none-eabi-gcc" "ARCHIVER=arm-none-eabi-ar" "COMPILER_FLAGS=  -O2 -c" "EXTRA_COMPILER_FLAGS=-mcpu=cortex-a9 -mfpu=vfpv3 -mfloat-abi=hard -nostartfiles -g -Wall -Wextra"
"Running Make libs in ps7_cortexa9_0/libsrc/coresightps_dcc_v1_4/src"
make -C ps7_cortexa9_0/libsrc/coresightps_dcc_v1_4/src -s libs  "SHELL=CMD" "COMPILER=arm-none-eabi-gcc" "ARCHIVER=arm-none-eabi-ar" "COMPILER_FLAGS=  -O2 -c" "EXTRA_COMPILER_FLAGS=-mcpu=cortex-a9 -mfpu=vfpv3 -mfloat-abi=hard -nostartfiles -g -Wall -Wextra"
"Compiling coresightps_dcc"
arm-none-eabi-ar: creating ../../../lib/libxil.a
"Running Make libs in ps7_cortexa9_0/libsrc/cpu_cortexa9_v2_6/src"
make -C ps7_cortexa9_0/libsrc/cpu_cortexa9_v2_6/src -s libs  "SHELL=CMD" "COMPILER=arm-none-eabi-gcc" "ARCHIVER=arm-none-eabi-ar" "COMPILER_FLAGS=  -O2 -c" "EXTRA_COMPILER_FLAGS=-mcpu=cortex-a9 -mfpu=vfpv3 -mfloat-abi=hard -nostartfiles -g -Wall -Wextra"
"Compiling cpu_cortexa9"
"Running Make libs in ps7_cortexa9_0/libsrc/ddrps_v1_0/src"
make -C ps7_cortexa9_0/libsrc/ddrps_v1_0/src -s libs  "SHELL=CMD" "COMPILER=arm-none-eabi-gcc" "ARCHIVER=arm-none-eabi-ar" "COMPILER_FLAGS=  -O2 -c" "EXTRA_COMPILER_FLAGS=-mcpu=cortex-a9 -mfpu=vfpv3 -mfloat-abi=hard -nostartfiles -g -Wall -Wextra"
"Compiling ddrps"
"Running Make libs in ps7_cortexa9_0/libsrc/devcfg_v3_5/src"
make -C ps7_cortexa9_0/libsrc/devcfg_v3_5/src -s libs  "SHELL=CMD" "COMPILER=arm-none-eabi-gcc" "ARCHIVER=arm-none-eabi-ar" "COMPILER_FLAGS=  -O2 -c" "EXTRA_COMPILER_FLAGS=-mcpu=cortex-a9 -mfpu=vfpv3 -mfloat-abi=hard -nostartfiles -g -Wall -Wextra"
"Compiling devcfg"
"Running Make libs in ps7_cortexa9_0/libsrc/dmaps_v2_3/src"
make -C ps7_cortexa9_0/libsrc/dmaps_v2_3/src -s libs  "SHELL=CMD" "COMPILER=arm-none-eabi-gcc" "ARCHIVER=arm-none-eabi-ar" "COMPILER_FLAGS=  -O2 -c" "EXTRA_COMPILER_FLAGS=-mcpu=cortex-a9 -mfpu=vfpv3 -mfloat-abi=hard -nostartfiles -g -Wall -Wextra"
"Compiling dmaps"
"Running Make libs in ps7_cortexa9_0/libsrc/emacps_v3_7/src"
make -C ps7_cortexa9_0/libsrc/emacps_v3_7/src -s libs  "SHELL=CMD" "COMPILER=arm-none-eabi-gcc" "ARCHIVER=arm-none-eabi-ar" "COMPILER_FLAGS=  -O2 -c" "EXTRA_COMPILER_FLAGS=-mcpu=cortex-a9 -mfpu=vfpv3 -mfloat-abi=hard -nostartfiles -g -Wall -Wextra"
"Compiling emacps"
"Running Make libs in ps7_cortexa9_0/libsrc/gpiops_v3_3/src"
make -C ps7_cortexa9_0/libsrc/gpiops_v3_3/src -s libs  "SHELL=CMD" "COMPILER=arm-none-eabi-gcc" "ARCHIVER=arm-none-eabi-ar" "COMPILER_FLAGS=  -O2 -c" "EXTRA_COMPILER_FLAGS=-mcpu=cortex-a9 -mfpu=vfpv3 -mfloat-abi=hard -nostartfiles -g -Wall -Wextra"
"Compiling gpiops"
"Running Make libs in ps7_cortexa9_0/libsrc/iicps_v3_7/src"
make -C ps7_cortexa9_0/libsrc/iicps_v3_7/src -s libs  "SHELL=CMD" "COMPILER=arm-none-eabi-gcc" "ARCHIVER=arm-none-eabi-ar" "COMPILER_FLAGS=  -O2 -c" "EXTRA_COMPILER_FLAGS=-mcpu=cortex-a9 -mfpu=vfpv3 -mfloat-abi=hard -nostartfiles -g -Wall -Wextra"
"Compiling iicps"
"Running Make libs in ps7_cortexa9_0/libsrc/oled_v1_0/src"
make -C ps7_cortexa9_0/libsrc/oled_v1_0/src -s libs  "SHELL=CMD" "COMPILER=arm-none-eabi-gcc" "ARCHIVER=arm-none-eabi-ar" "COMPILER_FLAGS=  -O2 -c" "EXTRA_COMPILER_FLAGS=-mcpu=cortex-a9 -mfpu=vfpv3 -mfloat-abi=hard -nostartfiles -g -Wall -Wextra"
"Compiling oled..."
oled_selftest.c: In function 'OLED_Reg_SelfTest':
oled_selftest.c:52:53: warning: comparison between signed and unsigned integer expressions [-Wsign-compare]
    if ( OLED_mReadReg (baseaddr, read_loop_index*4) != (read_loop_index+1)*READ_WRITE_MUL_FACTOR){
                                                     ^~
oled_selftest.c:36:6: warning: unused variable 'Index' [-Wunused-variable]
  int Index;
      ^~~~~
"Running Make libs in ps7_cortexa9_0/libsrc/PL_to_PS_v1_0/src"
make -C ps7_cortexa9_0/libsrc/PL_to_PS_v1_0/src -s libs  "SHELL=CMD" "COMPILER=arm-none-eabi-gcc" "ARCHIVER=arm-none-eabi-ar" "COMPILER_FLAGS=  -O2 -c" "EXTRA_COMPILER_FLAGS=-mcpu=cortex-a9 -mfpu=vfpv3 -mfloat-abi=hard -nostartfiles -g -Wall -Wextra"
"Compiling PL_to_PS..."
PL_to_PS_selftest.c: In function 'PL_TO_PS_Reg_SelfTest':
PL_to_PS_selftest.c:52:57: warning: comparison between signed and unsigned integer expressions [-Wsign-compare]
    if ( PL_TO_PS_mReadReg (baseaddr, read_loop_index*4) != (read_loop_index+1)*READ_WRITE_MUL_FACTOR){
                                                         ^~
PL_to_PS_selftest.c:36:6: warning: unused variable 'Index' [-Wunused-variable]
  int Index;
      ^~~~~
"Running Make libs in ps7_cortexa9_0/libsrc/PS_to_PL_v1_0/src"
make -C ps7_cortexa9_0/libsrc/PS_to_PL_v1_0/src -s libs  "SHELL=CMD" "COMPILER=arm-none-eabi-gcc" "ARCHIVER=arm-none-eabi-ar" "COMPILER_FLAGS=  -O2 -c" "EXTRA_COMPILER_FLAGS=-mcpu=cortex-a9 -mfpu=vfpv3 -mfloat-abi=hard -nostartfiles -g -Wall -Wextra"
"Compiling PS_to_PL..."
PS_to_PL_selftest.c: In function 'PS_TO_PL_Reg_SelfTest':
PS_to_PL_selftest.c:52:57: warning: comparison between signed and unsigned integer expressions [-Wsign-compare]
    if ( PS_TO_PL_mReadReg (baseaddr, read_loop_index*4) != (read_loop_index+1)*READ_WRITE_MUL_FACTOR){
                                                         ^~
PS_to_PL_selftest.c:36:6: warning: unused variable 'Index' [-Wunused-variable]
  int Index;
      ^~~~~
"Running Make libs in ps7_cortexa9_0/libsrc/qspips_v3_4/src"
make -C ps7_cortexa9_0/libsrc/qspips_v3_4/src -s libs  "SHELL=CMD" "COMPILER=arm-none-eabi-gcc" "ARCHIVER=arm-none-eabi-ar" "COMPILER_FLAGS=  -O2 -c" "EXTRA_COMPILER_FLAGS=-mcpu=cortex-a9 -mfpu=vfpv3 -mfloat-abi=hard -nostartfiles -g -Wall -Wextra"
"Compiling qspips"
"Running Make libs in ps7_cortexa9_0/libsrc/scugic_v3_9/src"
make -C ps7_cortexa9_0/libsrc/scugic_v3_9/src -s libs  "SHELL=CMD" "COMPILER=arm-none-eabi-gcc" "ARCHIVER=arm-none-eabi-ar" "COMPILER_FLAGS=  -O2 -c" "EXTRA_COMPILER_FLAGS=-mcpu=cortex-a9 -mfpu=vfpv3 -mfloat-abi=hard -nostartfiles -g -Wall -Wextra"
"Compiling scugic"
"Running Make libs in ps7_cortexa9_0/libsrc/scutimer_v2_1/src"
make -C ps7_cortexa9_0/libsrc/scutimer_v2_1/src -s libs  "SHELL=CMD" "COMPILER=arm-none-eabi-gcc" "ARCHIVER=arm-none-eabi-ar" "COMPILER_FLAGS=  -O2 -c" "EXTRA_COMPILER_FLAGS=-mcpu=cortex-a9 -mfpu=vfpv3 -mfloat-abi=hard -nostartfiles -g -Wall -Wextra"
"Compiling scutimer"
"Running Make libs in ps7_cortexa9_0/libsrc/scuwdt_v2_1/src"
make -C ps7_cortexa9_0/libsrc/scuwdt_v2_1/src -s libs  "SHELL=CMD" "COMPILER=arm-none-eabi-gcc" "ARCHIVER=arm-none-eabi-ar" "COMPILER_FLAGS=  -O2 -c" "EXTRA_COMPILER_FLAGS=-mcpu=cortex-a9 -mfpu=vfpv3 -mfloat-abi=hard -nostartfiles -g -Wall -Wextra"
"Compiling scuwdt"
"Running Make libs in ps7_cortexa9_0/libsrc/sdps_v3_5/src"
make -C ps7_cortexa9_0/libsrc/sdps_v3_5/src -s libs  "SHELL=CMD" "COMPILER=arm-none-eabi-gcc" "ARCHIVER=arm-none-eabi-ar" "COMPILER_FLAGS=  -O2 -c" "EXTRA_COMPILER_FLAGS=-mcpu=cortex-a9 -mfpu=vfpv3 -mfloat-abi=hard -nostartfiles -g -Wall -Wextra"
"Compiling sdps"
"Running Make libs in ps7_cortexa9_0/libsrc/standalone_v6_7/src"
make -C ps7_cortexa9_0/libsrc/standalone_v6_7/src -s libs  "SHELL=CMD" "COMPILER=arm-none-eabi-gcc" "ARCHIVER=arm-none-eabi-ar" "COMPILER_FLAGS=  -O2 -c" "EXTRA_COMPILER_FLAGS=-mcpu=cortex-a9 -mfpu=vfpv3 -mfloat-abi=hard -nostartfiles -g -Wall -Wextra"
"Compiling standalone"
In file included from sleep.c:57:0:
xtime_l.h:89:9: note: #pragma message: For the sleep routines, Global timer is being used
 #pragma message ("For the sleep routines, Global timer is being used")
         ^~~~~~~
In file included from usleep.c:60:0:
xtime_l.h:89:9: note: #pragma message: For the sleep routines, Global timer is being used
 #pragma message ("For the sleep routines, Global timer is being used")
         ^~~~~~~
In file included from xil_sleeptimer.c:55:0:
xtime_l.h:89:9: note: #pragma message: For the sleep routines, Global timer is being used
 #pragma message ("For the sleep routines, Global timer is being used")
         ^~~~~~~
In file included from xtime_l.c:53:0:
xtime_l.h:89:9: note: #pragma message: For the sleep routines, Global timer is being used
 #pragma message ("For the sleep routines, Global timer is being used")
         ^~~~~~~
"Running Make libs in ps7_cortexa9_0/libsrc/ttcps_v3_6/src"
make -C ps7_cortexa9_0/libsrc/ttcps_v3_6/src -s libs  "SHELL=CMD" "COMPILER=arm-none-eabi-gcc" "ARCHIVER=arm-none-eabi-ar" "COMPILER_FLAGS=  -O2 -c" "EXTRA_COMPILER_FLAGS=-mcpu=cortex-a9 -mfpu=vfpv3 -mfloat-abi=hard -nostartfiles -g -Wall -Wextra"
"Compiling ttcps"
"Running Make libs in ps7_cortexa9_0/libsrc/uartps_v3_6/src"
make -C ps7_cortexa9_0/libsrc/uartps_v3_6/src -s libs  "SHELL=CMD" "COMPILER=arm-none-eabi-gcc" "ARCHIVER=arm-none-eabi-ar" "COMPILER_FLAGS=  -O2 -c" "EXTRA_COMPILER_FLAGS=-mcpu=cortex-a9 -mfpu=vfpv3 -mfloat-abi=hard -nostartfiles -g -Wall -Wextra"
"Compiling uartps"
"Running Make libs in ps7_cortexa9_0/libsrc/usbps_v2_4/src"
make -C ps7_cortexa9_0/libsrc/usbps_v2_4/src -s libs  "SHELL=CMD" "COMPILER=arm-none-eabi-gcc" "ARCHIVER=arm-none-eabi-ar" "COMPILER_FLAGS=  -O2 -c" "EXTRA_COMPILER_FLAGS=-mcpu=cortex-a9 -mfpu=vfpv3 -mfloat-abi=hard -nostartfiles -g -Wall -Wextra"
"Compiling usbps"
"Running Make libs in ps7_cortexa9_0/libsrc/xadcps_v2_2/src"
make -C ps7_cortexa9_0/libsrc/xadcps_v2_2/src -s libs  "SHELL=CMD" "COMPILER=arm-none-eabi-gcc" "ARCHIVER=arm-none-eabi-ar" "COMPILER_FLAGS=  -O2 -c" "EXTRA_COMPILER_FLAGS=-mcpu=cortex-a9 -mfpu=vfpv3 -mfloat-abi=hard -nostartfiles -g -Wall -Wextra"
"Compiling xadcps"
'Finished building libraries'
22:26:20 **** Build of configuration Debug for project audio ****
make pre-build main-build 
a9-linaro-pre-build-step
' '
'Building file: ../src/audio.c'
'Invoking: ARM v7 gcc compiler'
arm-none-eabi-gcc -Wall -O0 -g3 -c -fmessage-length=0 -MT"src/audio.o" -mcpu=cortex-a9 -mfpu=vfpv3 -mfloat-abi=hard -I../../audio_bsp/ps7_cortexa9_0/include -MMD -MP -MF"src/audio.d" -MT"src/audio.o" -o "src/audio.o" "../src/audio.c"
'Finished building: ../src/audio.c'
' '
'Building file: ../src/helloworld.c'
'Invoking: ARM v7 gcc compiler'
arm-none-eabi-gcc -Wall -O0 -g3 -c -fmessage-length=0 -MT"src/helloworld.o" -mcpu=cortex-a9 -mfpu=vfpv3 -mfloat-abi=hard -I../../audio_bsp/ps7_cortexa9_0/include -MMD -MP -MF"src/helloworld.d" -MT"src/helloworld.o" -o "src/helloworld.o" "../src/helloworld.c"
'Finished building: ../src/helloworld.c'
' '
'Building file: ../src/platform.c'
'Invoking: ARM v7 gcc compiler'
arm-none-eabi-gcc -Wall -O0 -g3 -c -fmessage-length=0 -MT"src/platform.o" -mcpu=cortex-a9 -mfpu=vfpv3 -mfloat-abi=hard -I../../audio_bsp/ps7_cortexa9_0/include -MMD -MP -MF"src/platform.d" -MT"src/platform.o" -o "src/platform.o" "../src/platform.c"
'Finished building: ../src/platform.c'
' '
'Building target: audio.elf'
'Invoking: ARM v7 gcc linker'
arm-none-eabi-gcc -mcpu=cortex-a9 -mfpu=vfpv3 -mfloat-abi=hard -Wl,-build-id=none -specs=Xilinx.spec -Wl,-T -Wl,../src/lscript.ld -L../../audio_bsp/ps7_cortexa9_0/lib -o "audio.elf"  ./src/audio.o ./src/helloworld.o ./src/platform.o   -Wl,--start-group,-lxil,-lgcc,-lc,--end-group
'Finished building target: audio.elf'
' '
'Invoking: ARM v7 Print Size'
arm-none-eabi-size audio.elf  |tee "audio.elf.size"
   text	   data	    bss	    dec	    hex	filename
  19352	   1144	  22568	  43064	   a838	audio.elf
'Finished building: audio.elf.size'
' '
22:26:24 **** Auto Build of configuration Debug for project audio ****
make pre-build main-build 
a9-linaro-pre-build-step
' '
make: Nothing to be done for `main-build'.
22:28:07 **** Auto Build of configuration Debug for project audio ****
make pre-build main-build 
a9-linaro-pre-build-step
' '
make: Nothing to be done for `main-build'.
22:28:25 **** Auto Build of configuration Debug for project audio ****
make pre-build main-build 
a9-linaro-pre-build-step
' '
'Building file: ../src/audio_loop.c'
'Invoking: ARM v7 gcc compiler'
arm-none-eabi-gcc -Wall -O0 -g3 -c -fmessage-length=0 -MT"src/audio_loop.o" -mcpu=cortex-a9 -mfpu=vfpv3 -mfloat-abi=hard -I../../audio_bsp/ps7_cortexa9_0/include -MMD -MP -MF"src/audio_loop.d" -MT"src/audio_loop.o" -o "src/audio_loop.o" "../src/audio_loop.c"
'Finished building: ../src/audio_loop.c'
' '
'Building target: audio.elf'
'Invoking: ARM v7 gcc linker'
arm-none-eabi-gcc -mcpu=cortex-a9 -mfpu=vfpv3 -mfloat-abi=hard -Wl,-build-id=none -specs=Xilinx.spec -Wl,-T -Wl,../src/lscript.ld -L../../audio_bsp/ps7_cortexa9_0/lib -o "audio.elf"  ./src/audio.o ./src/audio_loop.o ./src/helloworld.o ./src/platform.o   -Wl,--start-group,-lxil,-lgcc,-lc,--end-group
'Finished building target: audio.elf'
' '
'Invoking: ARM v7 Print Size'
arm-none-eabi-size audio.elf  |tee "audio.elf.size"
   text	   data	    bss	    dec	    hex	filename
  19352	   1144	  22568	  43064	   a838	audio.elf
'Finished building: audio.elf.size'
' '
22:28:35 **** Auto Build of configuration Debug for project audio ****
make pre-build main-build 
a9-linaro-pre-build-step
' '
make: Nothing to be done for `main-build'.
22:29:32 **** Auto Build of configuration Debug for project audio ****
make pre-build main-build 
a9-linaro-pre-build-step
' '
'Building file: ../src/audio_loop.c'
'Invoking: ARM v7 gcc compiler'
arm-none-eabi-gcc -Wall -O0 -g3 -c -fmessage-length=0 -MT"src/audio_loop.o" -mcpu=cortex-a9 -mfpu=vfpv3 -mfloat-abi=hard -I../../audio_bsp/ps7_cortexa9_0/include -MMD -MP -MF"src/audio_loop.d" -MT"src/audio_loop.o" -o "src/audio_loop.o" "../src/audio_loop.c"
../src/audio_loop.c: In function 'audio_stream':
../src/audio_loop.c:15:2: error: unknown type name 'u32'
  u32 in_left;
  ^~~
../src/audio_loop.c:16:2: error: unknown type name 'u32'
  u32 output;
  ^~~
../src/audio_loop.c:20:13: warning: implicit declaration of function 'Xil_In32' [-Wimplicit-function-declaration]
   in_left = Xil_In32(I2S_DATA_RX_L_REG); //left only, mono
             ^~~~~~~~
../src/audio_loop.c:20:22: error: 'I2S_DATA_RX_L_REG' undeclared (first use in this function)
   in_left = Xil_In32(I2S_DATA_RX_L_REG); //left only, mono
                      ^~~~~~~~~~~~~~~~~
../src/audio_loop.c:20:22: note: each undeclared identifier is reported only once for each function it appears in
../src/audio_loop.c:23:3: warning: implicit declaration of function 'Xil_Out32' [-Wimplicit-function-declaration]
   Xil_Out32(XPAR_PS_TO_PL_0_S00_AXI_BASEADDR, in_left);
   ^~~~~~~~~
../src/audio_loop.c:23:13: error: 'XPAR_PS_TO_PL_0_S00_AXI_BASEADDR' undeclared (first use in this function)
   Xil_Out32(XPAR_PS_TO_PL_0_S00_AXI_BASEADDR, in_left);
             ^~~~~~~~~~~~~~~~~~~~~~~~~~~~~~~~
../src/audio_loop.c:24:19: error: 'XPAR_PL_TO_PS_0_S00_AXI_BASEADDR' undeclared (first use in this function); did you mean 'XPAR_PS_TO_PL_0_S00_AXI_BASEADDR'?
   output=Xil_In32(XPAR_PL_TO_PS_0_S00_AXI_BASEADDR);
                   ^~~~~~~~~~~~~~~~~~~~~~~~~~~~~~~~
                   XPAR_PS_TO_PL_0_S00_AXI_BASEADDR
../src/audio_loop.c:26:13: error: 'I2S_DATA_TX_L_REG' undeclared (first use in this function); did you mean 'I2S_DATA_RX_L_REG'?
   Xil_Out32(I2S_DATA_TX_L_REG, output);
             ^~~~~~~~~~~~~~~~~
             I2S_DATA_RX_L_REG
make: *** [src/audio_loop.o] ´íÎó 1
22:29:34 **** Auto Build of configuration Debug for project audio ****
make pre-build main-build 
a9-linaro-pre-build-step
' '
'Building file: ../src/audio_loop.c'
'Invoking: ARM v7 gcc compiler'
arm-none-eabi-gcc -Wall -O0 -g3 -c -fmessage-length=0 -MT"src/audio_loop.o" -mcpu=cortex-a9 -mfpu=vfpv3 -mfloat-abi=hard -I../../audio_bsp/ps7_cortexa9_0/include -MMD -MP -MF"src/audio_loop.d" -MT"src/audio_loop.o" -o "src/audio_loop.o" "../src/audio_loop.c"
../src/audio_loop.c: In function 'audio_stream':
../src/audio_loop.c:15:2: error: unknown type name 'u32'
  u32 in_left;
  ^~~
../src/audio_loop.c:16:2: error: unknown type name 'u32'
  u32 output;
  ^~~
../src/audio_loop.c:20:13: warning: implicit declaration of function 'Xil_In32' [-Wimplicit-function-declaration]
   in_left = Xil_In32(I2S_DATA_RX_L_REG); //left only, mono
             ^~~~~~~~
../src/audio_loop.c:20:22: error: 'I2S_DATA_RX_L_REG' undeclared (first use in this function)
   in_left = Xil_In32(I2S_DATA_RX_L_REG); //left only, mono
                      ^~~~~~~~~~~~~~~~~
../src/audio_loop.c:20:22: note: each undeclared identifier is reported only once for each function it appears in
../src/audio_loop.c:23:3: warning: implicit declaration of function 'Xil_Out32' [-Wimplicit-function-declaration]
   Xil_Out32(XPAR_PS_TO_PL_0_S00_AXI_BASEADDR, in_left);
   ^~~~~~~~~
../src/audio_loop.c:23:13: error: 'XPAR_PS_TO_PL_0_S00_AXI_BASEADDR' undeclared (first use in this function)
   Xil_Out32(XPAR_PS_TO_PL_0_S00_AXI_BASEADDR, in_left);
             ^~~~~~~~~~~~~~~~~~~~~~~~~~~~~~~~
../src/audio_loop.c:24:19: error: 'XPAR_PL_TO_PS_0_S00_AXI_BASEADDR' undeclared (first use in this function); did you mean 'XPAR_PS_TO_PL_0_S00_AXI_BASEADDR'?
   output=Xil_In32(XPAR_PL_TO_PS_0_S00_AXI_BASEADDR);
                   ^~~~~~~~~~~~~~~~~~~~~~~~~~~~~~~~
                   XPAR_PS_TO_PL_0_S00_AXI_BASEADDR
../src/audio_loop.c:26:13: error: 'I2S_DATA_TX_L_REG' undeclared (first use in this function); did you mean 'I2S_DATA_RX_L_REG'?
   Xil_Out32(I2S_DATA_TX_L_REG, output);
             ^~~~~~~~~~~~~~~~~
             I2S_DATA_RX_L_REG
make: *** [src/audio_loop.o] ´íÎó 1
22:29:36 **** Auto Build of configuration Debug for project audio ****
make pre-build main-build 
a9-linaro-pre-build-step
' '
'Building file: ../src/audio.c'
'Invoking: ARM v7 gcc compiler'
arm-none-eabi-gcc -Wall -O0 -g3 -c -fmessage-length=0 -MT"src/audio.o" -mcpu=cortex-a9 -mfpu=vfpv3 -mfloat-abi=hard -I../../audio_bsp/ps7_cortexa9_0/include -MMD -MP -MF"src/audio.d" -MT"src/audio.o" -o "src/audio.o" "../src/audio.c"
../src/audio.c: In function 'IicConfig':
../src/audio.c:12:2: error: unknown type name 'XIicPs_Config'
  XIicPs_Config *Config;
  ^~~~~~~~~~~~~
../src/audio.c:18:11: warning: implicit declaration of function 'XIicPs_LookupConfig' [-Wimplicit-function-declaration]
  Config = XIicPs_LookupConfig(DeviceIdPS);
           ^~~~~~~~~~~~~~~~~~~
../src/audio.c:18:9: warning: assignment makes pointer from integer without a cast [-Wint-conversion]
  Config = XIicPs_LookupConfig(DeviceIdPS);
         ^
../src/audio.c:19:5: error: 'NULL' undeclared (first use in this function)
  if(NULL == Config) {
     ^~~~
../src/audio.c:19:5: note: each undeclared identifier is reported only once for each function it appears in
../src/audio.c:20:10: error: 'XST_FAILURE' undeclared (first use in this function)
   return XST_FAILURE;
          ^~~~~~~~~~~
../src/audio.c:24:11: warning: implicit declaration of function 'XIicPs_CfgInitialize' [-Wimplicit-function-declaration]
  Status = XIicPs_CfgInitialize(&Iic, Config, Config->BaseAddress);
           ^~~~~~~~~~~~~~~~~~~~
../src/audio.c:24:33: error: 'Iic' undeclared (first use in this function)
  Status = XIicPs_CfgInitialize(&Iic, Config, Config->BaseAddress);
                                 ^~~
../src/audio.c:24:52: error: request for member 'BaseAddress' in something not a structure or union
  Status = XIicPs_CfgInitialize(&Iic, Config, Config->BaseAddress);
                                                    ^~
../src/audio.c:25:15: error: 'XST_SUCCESS' undeclared (first use in this function)
  if(Status != XST_SUCCESS) {
               ^~~~~~~~~~~
../src/audio.c:30:2: warning: implicit declaration of function 'XIicPs_SetSClk' [-Wimplicit-function-declaration]
  XIicPs_SetSClk(&Iic, IIC_SCLK_RATE);
  ^~~~~~~~~~~~~~
../src/audio.c: In function 'AudioPllConfig':
../src/audio.c:47:15: error: 'XST_SUCCESS' undeclared (first use in this function)
  if(Status != XST_SUCCESS) {
               ^~~~~~~~~~~
../src/audio.c:48:3: warning: implicit declaration of function 'xil_printf'; did you mean '__builtin_printf'? [-Wimplicit-function-declaration]
   xil_printf("\nError initializing IIC");
   ^~~~~~~~~~
   __builtin_printf
../src/audio.c:43:29: warning: unused variable 'u8RxData' [-Wunused-variable]
  unsigned char u8TxData[8], u8RxData[6];
                             ^~~~~~~~
../src/audio.c:43:16: warning: unused variable 'u8TxData' [-Wunused-variable]
  unsigned char u8TxData[8], u8RxData[6];
                ^~~~~~~~
../src/audio.c: In function 'AudioWriteToReg':
../src/audio.c:136:2: warning: implicit declaration of function 'XIicPs_MasterSendPolled' [-Wimplicit-function-declaration]
  XIicPs_MasterSendPolled(&Iic, u8TxData, 3, (IIC_SLAVE_ADDR >> 1));
  ^~~~~~~~~~~~~~~~~~~~~~~
../src/audio.c:136:27: error: 'Iic' undeclared (first use in this function)
  XIicPs_MasterSendPolled(&Iic, u8TxData, 3, (IIC_SLAVE_ADDR >> 1));
                           ^~~
../src/audio.c:137:8: warning: implicit declaration of function 'XIicPs_BusIsBusy' [-Wimplicit-function-declaration]
  while(XIicPs_BusIsBusy(&Iic));
        ^~~~~~~~~~~~~~~~
../src/audio.c: In function 'IicConfig':
../src/audio.c:33:1: warning: control reaches end of non-void function [-Wreturn-type]
 }
 ^
make: *** [src/audio.o] ´íÎó 1
22:29:49 **** Auto Build of configuration Debug for project audio ****
make pre-build main-build 
a9-linaro-pre-build-step
' '
'Building file: ../src/audio.c'
'Invoking: ARM v7 gcc compiler'
arm-none-eabi-gcc -Wall -O0 -g3 -c -fmessage-length=0 -MT"src/audio.o" -mcpu=cortex-a9 -mfpu=vfpv3 -mfloat-abi=hard -I../../audio_bsp/ps7_cortexa9_0/include -MMD -MP -MF"src/audio.d" -MT"src/audio.o" -o "src/audio.o" "../src/audio.c"
../src/audio.c: In function 'AudioPllConfig':
../src/audio.c:43:29: warning: unused variable 'u8RxData' [-Wunused-variable]
  unsigned char u8TxData[8], u8RxData[6];
                             ^~~~~~~~
../src/audio.c:43:16: warning: unused variable 'u8TxData' [-Wunused-variable]
  unsigned char u8TxData[8], u8RxData[6];
                ^~~~~~~~
'Finished building: ../src/audio.c'
' '
'Building file: ../src/audio_loop.c'
'Invoking: ARM v7 gcc compiler'
arm-none-eabi-gcc -Wall -O0 -g3 -c -fmessage-length=0 -MT"src/audio_loop.o" -mcpu=cortex-a9 -mfpu=vfpv3 -mfloat-abi=hard -I../../audio_bsp/ps7_cortexa9_0/include -MMD -MP -MF"src/audio_loop.d" -MT"src/audio_loop.o" -o "src/audio_loop.o" "../src/audio_loop.c"
'Finished building: ../src/audio_loop.c'
' '
'Building target: audio.elf'
'Invoking: ARM v7 gcc linker'
arm-none-eabi-gcc -mcpu=cortex-a9 -mfpu=vfpv3 -mfloat-abi=hard -Wl,-build-id=none -specs=Xilinx.spec -Wl,-T -Wl,../src/lscript.ld -L../../audio_bsp/ps7_cortexa9_0/lib -o "audio.elf"  ./src/audio.o ./src/audio_loop.o ./src/helloworld.o ./src/platform.o   -Wl,--start-group,-lxil,-lgcc,-lc,--end-group
'Finished building target: audio.elf'
' '
'Invoking: ARM v7 Print Size'
arm-none-eabi-size audio.elf  |tee "audio.elf.size"
   text	   data	    bss	    dec	    hex	filename
  28496	   1160	  22648	  52304	   cc50	audio.elf
'Finished building: audio.elf.size'
' '
22:34:28 **** Auto Build of configuration Debug for project audio ****
make pre-build main-build 
a9-linaro-pre-build-step
' '
'Building file: ../src/helloworld.c'
'Invoking: ARM v7 gcc compiler'
arm-none-eabi-gcc -Wall -O0 -g3 -c -fmessage-length=0 -MT"src/helloworld.o" -mcpu=cortex-a9 -mfpu=vfpv3 -mfloat-abi=hard -I../../audio_bsp/ps7_cortexa9_0/include -MMD -MP -MF"src/helloworld.d" -MT"src/helloworld.o" -o "src/helloworld.o" "../src/helloworld.c"
'Finished building: ../src/helloworld.c'
' '
'Building target: audio.elf'
'Invoking: ARM v7 gcc linker'
arm-none-eabi-gcc -mcpu=cortex-a9 -mfpu=vfpv3 -mfloat-abi=hard -Wl,-build-id=none -specs=Xilinx.spec -Wl,-T -Wl,../src/lscript.ld -L../../audio_bsp/ps7_cortexa9_0/lib -o "audio.elf"  ./src/audio.o ./src/audio_loop.o ./src/helloworld.o ./src/platform.o   -Wl,--start-group,-lxil,-lgcc,-lc,--end-group
'Finished building target: audio.elf'
' '
'Invoking: ARM v7 Print Size'
arm-none-eabi-size audio.elf  |tee "audio.elf.size"
   text	   data	    bss	    dec	    hex	filename
  28496	   1160	  22648	  52304	   cc50	audio.elf
'Finished building: audio.elf.size'
' '
22:34:51 **** Incremental Build of configuration Debug for project audio ****
make pre-build main-build 
a9-linaro-pre-build-step
' '
make: Nothing to be done for `main-build'.
22:38:10 **** Incremental Build of configuration Debug for project audio ****
make pre-build main-build 
a9-linaro-pre-build-step
' '
make: Nothing to be done for `main-build'.
22:39:52 **** Incremental Build of configuration Debug for project audio ****
make pre-build main-build 
a9-linaro-pre-build-step
' '
make: Nothing to be done for `main-build'.
22:47:27 **** Incremental Build of configuration Debug for project audio ****
make pre-build main-build 
a9-linaro-pre-build-step
' '
make: Nothing to be done for `main-build'.
23:25:13 **** Incremental Build of configuration Debug for project audio ****
make pre-build main-build 
a9-linaro-pre-build-step
' '
make: Nothing to be done for `main-build'.
23:27:08 **** Incremental Build of configuration Debug for project audio ****
make pre-build main-build 
a9-linaro-pre-build-step
' '
make: Nothing to be done for `main-build'.
23:59:25 **** Incremental Build of configuration Debug for project audio ****
make pre-build main-build 
a9-linaro-pre-build-step
' '
make: Nothing to be done for `main-build'.
